[113.5s] site www.manasik.net -> www.manasik.net (reference) html=155901 pixelIds=1545349236553470
[113.5s] site www.islamic-relief.org.uk -> www.islamic-relief.org.uk (faith) html=5535 pixelIds=-
[113.5s] site muslimhands.org.uk -> muslimhands.org.uk (faith) html=85172 pixelIds=791983990888720
[113.5s] site humanappeal.org.uk -> humanappeal.org.uk (faith) html=445190 pixelIds=1301013647594102
[113.5s] site pennyappeal.org -> pennyappeal.org (faith) html=54399 pixelIds=527060534789757
[113.5s] site www.muslimaid.org -> www.muslimaid.org (faith) html=5634 pixelIds=322904379293724,426282385188154
[113.5s] site www.launchgood.com -> www.launchgood.com (faith) html=5636 pixelIds=-
[113.5s] site uwt.org -> uwt.org (faith) html=5507 pixelIds=-
[113.5s] site www.zakat.org -> www.zakat.org (faith) html=139101 pixelIds=-
[113.5s] site irusa.org -> development.org (faith) html=5630 pixelIds=-
[113.5s] site matwproject.org -> matwproject.org (faith) html=28060 pixelIds=1105587673120819,1559205724860772
[113.5s] site www.islamichelp.org.uk -> islamichelp.org.uk (faith) html=464963 pixelIds=465527250887230
[113.5s] site www.sktwelfare.org -> www.sktwelfare.org (faith) html=371261 pixelIds=1905341117024052
[113.5s] site www.alkhair.org -> www.alkhair.org (faith) html=31391 pixelIds=325230355982257
[113.5s] site www.globalehsanrelief.org -> www.globalehsanrelief.org (faith) html=107 pixelIds=-
[113.5s] site www.ilmfeed.com -> ilmfeed.com (faith) html=133303 pixelIds=1641325337602846
[113.5s] site www.compassion.com -> www.compassion.com (faith) html=52 pixelIds=372025882973025
[113.5s] site www.samaritanspurse.org -> www.samaritanspurse.org (faith) html=213784 pixelIds=-
[113.5s] site www.worldvision.org -> www.worldvision.org (faith) html=340120 pixelIds=1511779702384895
[113.5s] site www.chabad.org -> www.chabad.org (faith) html=5628 pixelIds=-
[113.5s] site www.biblegateway.com -> www.biblegateway.com (faith) html=155692 pixelIds=920317504719022
[113.5s] site www.christianaid.org.uk -> www.christianaid.org.uk (faith) html=242114 pixelIds=-
[113.5s] site www.tearfund.org -> www.tearfund.org (faith) html=5517 pixelIds=-
[113.5s] site www.cafod.org.uk -> www.cafod.org.uk (faith) html=756159 pixelIds=438202476304483
[113.5s] site www.aqiqah.com.my -> www.aqiqah.com.my (faith) html=129 pixelIds=-
[113.5s] site www.qurbani.com -> www.qurbani.com (faith) html=1261539 pixelIds=-
[113.5s] site www.gymshark.com -> www.gymshark.com (control) html=1799865 pixelIds=1263319854288554
[113.5s] site www.allbirds.com -> www.allbirds.com (control) html=8169 pixelIds=1689016458013442
[113.5s] site www.notonthehighstreet.com -> www.notonthehighstreet.com (control) html=551793 pixelIds=-
[113.5s] site www.oxfam.org.uk -> www.oxfam.org.uk (control) html=433893 pixelIds=-
[113.5s] site www.savethechildren.org.uk -> www.savethechildren.org.uk (control) html=130675 pixelIds=253217841535727
[113.5s] site www.redcross.org.uk -> www.redcross.org.uk (control) html=1720462 pixelIds=-
[113.5s] site www.unicef.org.uk -> www.unicef.org.uk (control) html=100553 pixelIds=-
[113.5s] site www.wateraid.org -> www.wateraid.org (control) html=4579 pixelIds=-
[113.5s] site www.muslimcharity.org.uk -> muslimcharity.org.uk (faith) html=5648 pixelIds=2273287052912490
[113.5s] site www.orphansinneed.org.uk -> www.orphansinneed.org.uk (faith) html=5563 pixelIds=1057233550979508
[113.5s] site www.ummahcharity.org -> ummahcharity.org (faith) html=247683 pixelIds=-
[113.5s] site www.onenationuk.org -> onenationuk.org (faith) html=295461 pixelIds=886843502079458,1332898310175192
[113.5s] site www.charityright.org.uk -> www.charityright.org.uk (faith) html=169106 pixelIds=-
[113.5s] site www.readfoundation.org.uk -> readfoundation.org.uk (faith) html=645431 pixelIds=1563645834630254
[113.5s] site www.interpal.org -> www.interpal.org (faith) html=60 pixelIds=-
[113.5s] site www.muslimglobalrelief.org -> www.muslimglobalrelief.org (faith) html=403359 pixelIds=129878270913095
[113.5s] site www.salvationarmy.org.uk -> www.salvationarmy.org.uk (faith) html=103585 pixelIds=-
[113.5s] site www.christianbook.com -> www.christianbook.com (faith) html=155436 pixelIds=877865672326885,734814240055581
[113.5s] site www.hillsong.com -> hillsong.com (faith) html=118581 pixelIds=1955426984920144
[113.5s] site www.jewishvirtuallibrary.org -> jewishvirtuallibrary.org (faith) html=66037 pixelIds=1345082067717565
[113.5s] site www.cancerresearchuk.org -> www.cancerresearchuk.org (control) html=3942056 pixelIds=-
[113.5s] site www.bhf.org.uk -> www.bhf.org.uk (control) html=122751 pixelIds=1482151975424400
[113.5s] site www.rspca.org.uk -> www.rspca.org.uk (control) html=375287 pixelIds=-
[113.5s] site www.wwf.org.uk -> www.wwf.org.uk (control) html=78506 pixelIds=-
[113.5s] site www.boohoo.com -> www.boohoo.com (control) html=1886719 pixelIds=-
[113.5s] site www.etsy.com -> www.etsy.com (control) html=805 pixelIds=-
[113.5s] site www.decathlon.co.uk -> www.decathlon.co.uk (control) html=5659 pixelIds=-
[113.5s] site www.hellofresh.co.uk -> www.hellofresh.co.uk (control) html=448525 pixelIds=-
[113.5s] site www.myprotein.com -> www.myprotein.com (control) html=937601 pixelIds=1583988851847057
[113.5s] site www.bloomandwild.com -> www.bloomandwild.com (control) html=64453 pixelIds=-
[113.5s] site www.moonpig.com -> www.moonpig.com (control) html=96000 pixelIds=-
[113.5s] site www.trainline.com -> www.thetrainline.com (control) html=458969 pixelIds=-
[263.7s] tor fr=true gb=false us=true
[268.4s] Meta-reported country: fr-exit=FR gb-exit=- us-exit=US
[270.7s] reference www.manasik.net                1545349236553470 | US-direct: ok [344343] | FR: BLOCK {"lockWebpage":true,"blockReason":"source_category"} [206407] | GB: - | US-tor: ok [344343]
[273.3s] faith     muslimhands.org.uk             791983990888720 | US-direct: ok [335193] | FR: BLOCK {"lockWebpage":true,"blockReason":"source_category"} [206434] | GB: - | US-tor: ok [335193]
[275.6s] faith     humanappeal.org.uk             1301013647594102 | US-direct: ok [172605] | FR: BLOCK {"lockWebpage":true,"blockReason":"source_category"} [55422] | GB: - | US-tor: ok [172605]
[278.1s] faith     pennyappeal.org                527060534789757 | US-direct: ok [188592] | FR: BLOCK {"lockWebpage":true,"blockReason":"source_category"} [55367] | GB: - | US-tor: ok [188592]
[281.4s] faith     www.muslimaid.org              322904379293724 | US-direct: ok [541637] | FR: ok [541582] | GB: - | US-tor: ok [541637]
[283.8s] faith     www.muslimaid.org              426282385188154 | US-direct: ok [390527] | FR: ok [390472] | GB: - | US-tor: ok [390527]
[286.5s] faith     matwproject.org                1105587673120819 | US-direct: ok [488801] | FR: BLOCK {"lockWebpage":true,"blockReason":"source_category"} [206660] | GB: - | US-tor: ok [488801]
[289.6s] faith     matwproject.org                1559205724860772 | US-direct: ok [378688] | FR: BLOCK {"lockWebpage":true,"blockReason":"source_category"} [207435] | GB: - | US-tor: ok [378688]
[295.0s] faith     islamichelp.org.uk             465527250887230 | US-direct: ok [338555] | FR: BLOCK {"lockWebpage":true,"blockReason":"source_category"} [206649] | GB: - | US-tor: ok [338555]
[296.9s] faith     www.sktwelfare.org             1905341117024052 | US-direct: ok [320245] | FR: BLOCK {"lockWebpage":true,"blockReason":"source_category"} [206726] | GB: - | US-tor: ok [320245]
[298.8s] faith     www.alkhair.org                325230355982257 | US-direct: ok [432306] | FR: ok [432251] | GB: - | US-tor: ok [432306]
[300.8s] faith     ilmfeed.com                    1641325337602846 | US-direct: ok [161297] | FR: BLOCK {"lockWebpage":true,"blockReason":"source_category"} [55336] | GB: - | US-tor: ok [161297]
[302.9s] faith     www.compassion.com             372025882973025 | US-direct: ok [592155] | FR: ok [592108] | GB: - | US-tor: ok [592173]
[304.6s] faith     www.worldvision.org            1511779702384895 | US-direct: ok [269071] | FR: BLOCK {"lockWebpage":true,"blockReason":"source_category"} [56263] | GB: - | US-tor: ok [269071]
[306.7s] faith     www.biblegateway.com           920317504719022 | US-direct: ok [216165] | FR: BLOCK {"lockWebpage":true,"blockReason":"source_category"} [58481] | GB: - | US-tor: ok [216165]
[309.4s] faith     www.cafod.org.uk               438202476304483 | US-direct: ok [464038] | FR: ok [463983] | GB: - | US-tor: ok [464038]
[311.4s] control   www.gymshark.com               1263319854288554 | US-direct: ok [411136] | FR: ok [411031] | GB: - | US-tor: ok [410852]
[313.3s] control   www.allbirds.com               1689016458013442 | US-direct: ok [235094] | FR: ok [235038] | GB: - | US-tor: ok [235094]
[315.3s] control   www.savethechildren.org.uk     253217841535727 | US-direct: ok [400076] | FR: ok [400021] | GB: - | US-tor: ok [400076]
[317.2s] faith     muslimcharity.org.uk           2273287052912490 | US-direct: ok [171511] | FR: BLOCK {"lockWebpage":true,"blockReason":"source_category"} [55734] | GB: - | US-tor: ok [171511]
[319.2s] faith     www.orphansinneed.org.uk       1057233550979508 | US-direct: ok [572518] | FR: ok [572462] | GB: - | US-tor: ok [572518]
[321.1s] faith     onenationuk.org                886843502079458 | US-direct: ok [368067] | FR: ok [368012] | GB: - | US-tor: ok [368067]
[322.9s] faith     onenationuk.org                1332898310175192 | US-direct: ok [356229] | FR: ok [356173] | GB: - | US-tor: ok [356229]
[324.8s] faith     readfoundation.org.uk          1563645834630254 | US-direct: ok [541660] | FR: ok [541604] | GB: - | US-tor: ok [541660]
[326.7s] faith     www.muslimglobalrelief.org     129878270913095 | US-direct: ok [171318] | FR: BLOCK {"lockWebpage":true,"blockReason":"source_category"} [55396] | GB: - | US-tor: ok [171318]
[328.5s] faith     www.christianbook.com          877865672326885 | US-direct: ok [210369] | FR: BLOCK {"lockWebpage":true,"blockReason":"source_category"} [63401] | GB: - | US-tor: ok [210369]
[330.8s] faith     www.christianbook.com          734814240055581 | US-direct: ok [346848] | FR: BLOCK {"lockWebpage":true,"blockReason":"source_category"} [203763] | GB: - | US-tor: ok [346848]
[332.7s] faith     hillsong.com                   1955426984920144 | US-direct: ok [180445] | FR: BLOCK {"lockWebpage":true,"blockReason":"source_category"} [55336] | GB: - | US-tor: ok [180445]
[334.9s] faith     jewishvirtuallibrary.org       1345082067717565 | US-direct: ok [162229] | FR: BLOCK {"lockWebpage":true,"blockReason":"source_category"} [55413] | GB: - | US-tor: ok [162229]
[337.0s] control   www.bhf.org.uk                 1482151975424400 | US-direct: ok [153094] | FR: BLOCK {"lockWebpage":true,"blockReason":"source_category"} [48332] | GB: - | US-tor: ok [153094]
[340.5s] control   www.myprotein.com              1583988851847057 | US-direct: ok [455828] | FR: ok [451788] | GB: - | US-tor: ok [455952]
